// Vitest Snapshot v1, https://vitest.dev/guide/snapshot.html

exports[`single post responses 1`] = `
{
  "deletedPosts": [],
  "posts": [
    {
      "authorId": "~solfer-magfed",
      "channelId": "testChannelId",
      "content": "[{"inline":["when you say \\"it's always sent,\\" do you mean we can't actually differentiate between pending (host offline) and sent?",{"break":null}]}]",
      "deliveryStatus": null,
      "hasAppReference": false,
      "hasChannelReference": false,
      "hasGroupReference": false,
      "hasImage": false,
      "hasLink": false,
      "id": "170.141.184.506.175.378.579.920.170.967.817.980.477",
      "image": "",
      "images": [],
      "isEdited": false,
      "reactions": [],
      "receivedAt": 1681771617715,
      "replies": [
        {
          "authorId": "~solfer-magfed",
          "channelId": "testChannelId",
          "content": "[{"inline":["yes",{"break":null}]}]",
          "hasAppReference": false,
          "hasChannelReference": false,
          "hasGroupReference": false,
          "hasImage": false,
          "hasLink": false,
          "id": "170.141.184.506.175.378.760.513.795.449.434.490.798",
          "images": [],
          "isEdited": false,
          "parentId": "170.141.184.506.175.378.579.920.170.967.817.980.477",
          "reactions": [],
          "receivedAt": 1681771627505,
          "replyCount": 0,
          "sentAt": 1681771627505,
          "textContent": "yes",
          "type": "reply",
        },
      ],
      "replyContactIds": [
        "~solfer-magfed",
      ],
      "replyCount": 1,
      "replyTime": 1681771627736,
      "sentAt": 1681771617715,
      "textContent": "when you say "it's always sent," do you mean we can't actually differentiate between pending (host offline) and sent?",
      "title": "",
      "type": "chat",
    },
    {
      "authorId": "~fabled-faster",
      "channelId": "testChannelId",
      "content": "[{"inline":["it certainly makes for a more focused navigation scheme, but when you have 1:1 dms co-located with groups with 100s of people, we'd need to do more work making this entry point more useful ",{"break":null}]}]",
      "deliveryStatus": null,
      "hasAppReference": false,
      "hasChannelReference": false,
      "hasGroupReference": false,
      "hasImage": false,
      "hasLink": false,
      "id": "170.141.184.506.522.404.989.134.482.281.343.708.299",
      "image": "",
      "images": [],
      "isEdited": false,
      "reactions": [],
      "receivedAt": 1700583957054,
      "replies": [
        {
          "authorId": "~solfer-magfed",
          "channelId": "testChannelId",
          "content": "[{"inline":["along our incredibly journey?",{"break":null}]}]",
          "hasAppReference": false,
          "hasChannelReference": false,
          "hasGroupReference": false,
          "hasImage": false,
          "hasLink": false,
          "id": "170.141.184.506.522.411.522.251.810.170.392.218.173",
          "images": [],
          "isEdited": false,
          "parentId": "170.141.184.506.522.404.989.134.482.281.343.708.299",
          "reactions": [],
          "receivedAt": 1700584311215,
          "replyCount": 0,
          "sentAt": 1700584311215,
          "textContent": "along our incredibly journey?",
          "type": "reply",
        },
      ],
      "replyContactIds": [
        "~solfer-magfed",
      ],
      "replyCount": 1,
      "replyTime": 1700584312367,
      "sentAt": 1700583957054,
      "textContent": "it certainly makes for a more focused navigation scheme, but when you have 1:1 dms co-located with groups with 100s of people, we'd need to do more work making this entry point more useful",
      "title": "",
      "type": "chat",
    },
    {
      "authorId": "~roslet-tanner",
      "channelId": "testChannelId",
      "content": "[{"inline":["I’m a little under the weather, going to be afk this morning ",{"break":null}]}]",
      "deliveryStatus": null,
      "hasAppReference": false,
      "hasChannelReference": false,
      "hasGroupReference": false,
      "hasImage": false,
      "hasLink": false,
      "id": "170.141.184.506.755.078.862.103.651.047.679.459.328",
      "image": "",
      "images": [],
      "isEdited": false,
      "reactions": [
        {
          "contactId": "~pondus-watbel",
          "postId": "170.141.184.506.755.078.862.103.651.047.679.459.328",
          "value": ":medical_symbol:",
        },
        {
          "contactId": "~natnex-ronret",
          "postId": "170.141.184.506.755.078.862.103.651.047.679.459.328",
          "value": ":medical_symbol:",
        },
        {
          "contactId": "~finmep-lanteb",
          "postId": "170.141.184.506.755.078.862.103.651.047.679.459.328",
          "value": ":medical_symbol:",
        },
        {
          "contactId": "~fodwyt-ragful",
          "postId": "170.141.184.506.755.078.862.103.651.047.679.459.328",
          "value": ":medical_symbol:",
        },
      ],
      "receivedAt": 1713197232982,
      "replies": [
        {
          "authorId": "~pondus-watbel",
          "channelId": "testChannelId",
          "content": "[{"inline":["feel better!",{"break":null}]}]",
          "hasAppReference": false,
          "hasChannelReference": false,
          "hasGroupReference": false,
          "hasImage": false,
          "hasLink": false,
          "id": "170.141.184.506.755.085.307.445.457.407.707.185.152",
          "images": [],
          "isEdited": false,
          "parentId": "170.141.184.506.755.078.862.103.651.047.679.459.328",
          "reactions": [],
          "receivedAt": 1713197582384,
          "replyCount": 0,
          "sentAt": 1713197582236,
          "textContent": "feel better!",
          "type": "reply",
        },
        {
          "authorId": "~ravmel-ropdyl",
          "channelId": "testChannelId",
          "content": "[{"inline":["indeed, hope you feel better",{"break":null}]}]",
          "hasAppReference": false,
          "hasChannelReference": false,
          "hasGroupReference": false,
          "hasImage": false,
          "hasLink": false,
          "id": "170.141.184.506.755.139.986.577.963.685.997.707.264",
          "images": [],
          "isEdited": false,
          "parentId": "170.141.184.506.755.078.862.103.651.047.679.459.328",
          "reactions": [],
          "receivedAt": 1713200546546,
          "replyCount": 0,
          "sentAt": 1713200546044,
          "textContent": "indeed, hope you feel better",
          "type": "reply",
        },
      ],
      "replyContactIds": [
        "~ravmel-ropdyl",
        "~pondus-watbel",
      ],
      "replyCount": 2,
      "replyTime": 1713200546546,
      "sentAt": 1713197231581,
      "textContent": "I’m a little under the weather, going to be afk this morning",
      "title": "",
      "type": "chat",
    },
  ],
}
`;
